actionable: inactive terminal outcome awaiting captain presentation: child=child state=done pr=https://example.test/owner/repo/pull/1
ok - main direct terminal presentation has a durable receipt
actionable: completed scout still has live task records and needs guarded cleanup: child=lookout report=data/lookout/report.md; MAIN must complete the captain-call inventory, then run bin/fm-teardown.sh lookout, which must pass every cleanup safety check
actionable: completed scout still has live task records and needs guarded cleanup: child=lookout report=data/lookout/report.md; MAIN must complete the captain-call inventory, then run bin/fm-teardown.sh lookout, which must pass every cleanup safety check
ok - completed scout cleanup checks repeat until metadata retires
actionable: completed scout still has live task records and needs guarded cleanup: child=lookout report=missing-or-unreadable; MAIN must complete the captain-call inventory, then run bin/fm-teardown.sh lookout, which must pass every cleanup safety check
actionable: completed scout still has live task records and needs guarded cleanup: child=lookout report=missing-or-unreadable; MAIN must complete the captain-call inventory, then run bin/fm-teardown.sh lookout, which must pass every cleanup safety check
actionable: completed scout still has live task records and needs guarded cleanup: child=lookout report=missing-or-unreadable; MAIN must complete the captain-call inventory, then run bin/fm-teardown.sh lookout, which must pass every cleanup safety check
actionable: completed scout still has live task records and needs guarded cleanup: child=lookout report=missing-or-unreadable; MAIN must complete the captain-call inventory, then run bin/fm-teardown.sh lookout, which must pass every cleanup safety check
actionable: completed scout still has live task records and needs guarded cleanup: child=lookout report=missing-or-unreadable; MAIN must complete the captain-call inventory, then run bin/fm-teardown.sh lookout, which must pass every cleanup safety check
actionable: completed scout still has live task records and needs guarded cleanup: child=lookout report=missing-or-unreadable; MAIN must complete the captain-call inventory, then run bin/fm-teardown.sh lookout, which must pass every cleanup safety check
actionable: completed scout still has live task records and needs guarded cleanup: child=lookout report=missing-or-unreadable; MAIN must complete the captain-call inventory, then run bin/fm-teardown.sh lookout, which must pass every cleanup safety check
actionable: completed scout still has live task records and needs guarded cleanup: child=lookout report=missing-or-unreadable; MAIN must complete the captain-call inventory, then run bin/fm-teardown.sh lookout, which must pass every cleanup safety check
ok - invalid scout reports repeat without force cleanup
ok - historical scout done does not clean an idle replacement
ok - historical scout done does not clean a busy replacement
actionable: completed scout still has live task records and needs guarded cleanup: child=lookout report=data/lookout/report.md; MAIN must complete the captain-call inventory, then run bin/fm-teardown.sh lookout, which must pass every cleanup safety check
ok - current secondmate scout completion reports upward and queues local cleanup
actionable: completed scout still has live task records and needs guarded cleanup: child=lookout report=data/lookout/report.md; MAIN must complete the captain-call inventory, then run bin/fm-teardown.sh lookout, which must pass every cleanup safety check
actionable: completed scout still has live task records and needs guarded cleanup: child=lookout report=data/lookout/report.md; MAIN must complete the captain-call inventory, then run bin/fm-teardown.sh lookout, which must pass every cleanup safety check
ok - real watcher evidence preserves current scout completion after a resolved event
ok - later current-incarnation working state suppresses scout cleanup
actionable: completed scout still has live task records and needs guarded cleanup: child=lookout report=data/lookout/report.md; MAIN must complete the captain-call inventory, then run bin/fm-teardown.sh lookout, which must pass every cleanup safety check
actionable: completed scout still has live task records and needs guarded cleanup: child=lookout report=data/lookout/report.md; MAIN must complete the captain-call inventory, then run bin/fm-teardown.sh lookout, which must pass every cleanup safety check
actionable: completed scout still has live task records and needs guarded cleanup: child=lookout report=data/lookout/report.md; MAIN must complete the captain-call inventory, then run bin/fm-teardown.sh lookout, which must pass every cleanup safety check
ok - split scout lifecycle lines match whole newline-terminated events
actionable: completed scout still has live task records and needs guarded cleanup: child=lookout report=data/lookout/report.md; MAIN must complete the captain-call inventory, then run bin/fm-teardown.sh lookout, which must pass every cleanup safety check
ok - relaunch boundaries discard predecessor partial lines
ok - completion evidence is ignored rather than rewritten after spawn_gen changes
ok - watcher publication failures retry and observer locks do not block
actionable: scout completion evidence is unsafe or corrupt: child=lookout; inspect state/scout-completions/lookout.evidence before cleanup
actionable: scout completion evidence is unsafe or corrupt: child=lookout; inspect state/scout-completions/lookout.evidence before cleanup
actionable: scout completion evidence is unsafe or corrupt: child=lookout; inspect state/scout-completions/lookout.evidence before cleanup
ok - missing legacy and unsafe scout evidence fail closed
ok - secondmate delivers a child's terminal ledger line once, on the next poll, from the ledger alone
ok - multiline terminal outcomes are reported once before or during a state read
ok - an unterminated continuation line does not withhold a proven child outcome
ok - busy child locks do not starve later ledger outcomes
ok - ledger delivery carries the report pointer, the failed verb, and each new terminal line
ok - pr= requires the recorded PR or a ready-signal terminal line, whatever its stamp, and never a scout
ok - terminal lines arriving during state reads remain ledger-owned
ok - inactive and ledger paths reconcile one raced completion without hiding later events
ok - progress after an inactive fallback starts a distinct terminal event
ok - complete long ledger lines retain distinct receipt identities
ok - a ledger line still being appended waits for its newline
ok - the remote route carries a child's ledger line once
ok - report delivers a child's final line, owes nothing twice, and refuses only an unwritable channel
ok - report preserves teardown's metadata-before-scan lock order
actionable: child outcome needs parent report: child=child state=failed (missing or unreadable parent binding .fm-secondmate-parent)
ok - relative local parent homes fail closed
ok - invalid secondmate markers block routing and surface the obligation
ok - remote parent-replies mirror input is durable and idempotent
ok - reused task ids retain per-incarnation terminal receipts
ok - legacy metadata rewrites preserve terminal receipt identity
ok - relaunch cannot replace metadata during terminal snapshot
actionable: inactive terminal outcome awaiting captain presentation: child=child state=done pr=https://example.test/owner/repo/pull/1
ok - terminal reconciliation ignores heartbeat backoff state
actionable: inactive terminal outcome awaiting captain presentation: child=child state=done pr=https://example.test/owner/repo/pull/1
ok - scan marker replaces a symlink without overwriting its target
ok - nonterminal and captain-held workers remain outside inactive terminal reporting
ok - watcher hook wakes for terminal loss and preserves idle secondmate exemption
ok - the real watcher poll delivers a child's terminal ledger line to the parent channel
actionable: inactive terminal outcome awaiting captain presentation: child=b state=done pr=https://example.test/owner/repo/pull/1
ok - stalled state reads are bounded without starving later children
ok - aggregate scan budget includes durable wake operations
actionable: inactive terminal outcome needs parent report: child=child state=failed (missing or unreadable parent binding .fm-secondmate-parent)
ok - notice recovery remains idempotent across queue acknowledgement
ok - a secondmate home with no parent binding names the missing binding instead of failing quietly
actionable: inactive terminal outcome awaiting captain presentation: child=child state=done pr=https://example.test/owner/repo/pull/1
ok - reconciliation makes zero forge or PR API calls
actionable: inactive terminal outcome awaiting captain presentation: child=child state=done pr=https://example.test/owner/repo/pull/1
ok - reconciliation state reads set no-forge mode
all inactive reconciliation tests passed
